# github.com/dirmich/marubot/cmd/marubot
cmd\marubot\main.go:1856:8: syntax error: unexpected name 관리자 in composite literal; possibly missing comma or }
cmd\marubot\main.go:1856:66: newline in string
cmd\marubot\main.go:1857:85: newline in string
cmd\marubot\main.go:1860:73: newline in string
cmd\marubot\main.go:1861:5: newline in string
cmd\marubot\main.go:1863:58: newline in string
cmd\marubot\main.go:1864:74: newline in string
cmd\marubot\main.go:1867:52: newline in string
cmd\marubot\main.go:1869:33: invalid character U+3001 '、' in identifier
cmd\marubot\main.go:1869:120: invalid character U+3002 '。' in identifier
cmd\marubot\main.go:1869:120: too many errors
